[   0.000000] Initializing cgroup subsys cpuset
[    0.000000] Initializing cgroup subsys cpu
[    0.000000] Initializing cgroup ssys cpuacct
[    0.000000] Linux version 4.4.0-122-generic (buildd@lcy01-amdd64-005) (gccersion 5.4.0 20160609 (Ubtu 5.4.0-6ubuntu1~16.04.9) ) #146-Ubuntu SMP Mon Apr 23 15:34:04 UTC 2018 (Ubuntu 4.4.0-122.146-generic 4.4.117)
[    0.000000] Command line: BOOT_IMAGE=/boot/vmlinuz-4.4.0-122-generic root=LABEL=cloudimg-rootfs ro console=tty1 console=ttyS0
[    0.000000] KERNEL supported cpus:
[    0.000000]   Intel GenuineIntel
[    0.000000]   AMD AuthenticAMD
[    0.000000]   Centaur CentaurHauls
[    0.000000] x86/fpu: xstate_offset[2]:  576, xstate_sizes[2]:  256
[    0.000000] x86/fpu: Supporting XSAVE featur 001 'x floating pont registers'
[    0.000000] x86/fpu: Supporting XSAVE feature 0x02: 'SSE registers'
[    0.000000] x86/fpu: Supporting XSAVE feature 0x04: 'AVX registers'
[    0.000000] x86/fpu: Enabled xstate features 0x7, context size is 832 bytes, usig 'standard' format.
[    0.000000] x86/fpu: Using 'lazy' FPU context switches.
[    0.000000] e820: BIOS-provided physical RAM map:
[    0.000000] BIOS-e820: [mem 0x0000000000000000-0x000000000009fbff] usable[    0.000000] BIOS-e820: [mem 0x000000000009fc00-0x000000000009ffff] reserved
[    0.000000] BIOS-e820: [mem 0x00000000000f0000-0x00000000000fffff] reserved
[    0.000000] BIOS-e820: [mem 0x0000000000100000-0x000000003ffeffff] usable
[    0.000000] BIOS-e820: [mem 0x000000003fff0000-0x000000003fffffff] ACPI data
[    0.000000] BIOS-e820: [mem 0x00000000fec00000-0x00000000fec00fff] reserved
[    0.000000] BIOS-e820: [mem 0x00000000fee00000-0x00000000fee00fff] reserved
[    0.000000] BIOS-e820: [mem 0x00000000fffc0000-0x00000000ffffffff] reserved
[    0.000000] NX (Execute Disable) protection: active
[    0.000000] SMBIOS 2.5 present.
[    0.000000] Hypervisor detected: KVM
[    0.000000] e820: last_pfn = 0x3fff0 max_arch_pfn = 0x400000000
[    0.000000] MTRR: Disabled
[    0.000000] x86/PAT: MTRRs disabled, skipping PAT initialization too.
[    0.000000] CPU MTRRs all blank - virtualized system.
[    0.000000] x86/PAT: Configuration [0-7]: WB  WT  UC- UC  WB  WT  UC- UC  
[    0.000000] found SMP MP-table at [mem 0x0009fff0-0x0009ffff] mapped at [ffff88000009fff0]
[    0.000000] Scanning 1 areas for low memory corruption
[    0.000000] RAMDISK: [mem 0x36a98000-0x37543fff]
[    0.000000] ACPI: Early table checksum verification disabled
[    0.000000] ACPI: RSDP 0x00000000000E0000 000024 (v02 VBOX  )
[    0.0000] ACPI: XSDT 0x000000003FFF0030 00003C (v01 VBOX   VBOXXSDT 00000001 ASL  00000061)
[    0.000000] ACPI: FACP 0x000000003FFF00F0 0000F4 (v04 VBOX   VBOXFACP 00000001 ASL  00000061)
[    0.000000] ACPI: DSDT 0x000000003FFF0470 0021FF (v02 VBOX   VBOXBIOS 00000002 INTL 20100528)
[    0.000000] ACPI: FACS 0x000000003FFF0200 000040
[    0.000000] ACPI: FACS 0x000000003FFF0200 000040
[    0.000000] ACPI: APIC 0x000000003FFF0240 00005C (v02 VBOX   VBOXAPIC 00000001 ASL  00000061)
[    0.000000] ACPI: SSDT 0x000000003FFF02A0 0001CC (v01 VBOX   VBOXCPUT 00000002 INTL 20100528)
[    0.000000] No NUMA configuration found
[    0.000000] Faking a node at [mem 0x0000000000000000-0x000000003ffeffff]
[    0.000000] NODE_DATA(0) allocated [me0x3ffeb000-0x3ffeffff]
[    0.000000] kvm-clock: Using msrs 4b564d01 and 4b564d00
[    0.000000] kvm-clock: cpu 0, msr 0:3ffe3001, primary cpu clock
[    0.000000] kvm-clock: using sched offset of 3082498801 cycles
[    0.000000] clocksource: kvm-clock: mask: 0xffffffffffffffff max_cycles: 0x1cd42e4dffb, max_idle_ns: 881590591483 ns
[    0.000000] Zone ranges:
[    0.000000]   DMA      [mem 0x0000000000001000-0x0000000000ffffff]
[    0.000000]   DMA32    [mem 0x00000001000000-0x000000003ffeffff]
[    0.000000]   Normal   empty
[    0.000000]   Device   empty
[    0.000000] Movable zone start for each node
[    0.000000] Early memory node ranges
[    0.000000]   node   0: [mem 0x0000000000001000-0x00000000009efff]
[    0.000000]   node   0: [mem 0x0000000000100000-0x000000003ffeffff]
[    0.000000] Initmem setup node 0 [mem 0x0000000000001000-0x000000003ffeffff]
[    0.000000] ACPI: PM-Timer IO Port: 0x4008
[    0.000000] IOAPIC[0]: apic_id 2, version 32, address 0xfec00000, GSI 0-23
[    0.000000] ACPI: INT_SRC_OVR (bus 0 bus_irq 0 global_irq 2 dfl dfl)
[    0.000000] ACPI: INT_SRC_OVR (bus 0 bus_irq 9 global_irq 9 low level)
[    0.000000] Using ACPI (MADT) for SMP configuration information
[    0.000000] smpboot: Allowing 2 CPUs, 0 hotplug CPUs
[    0.000000] PM: Registered nosave memory: [mem 000000000-0x00000fff]
[    0.000000] PM: Registered nosave memory: [mem 0x0009f000-0x0009ffff]
[    0.000000] PM: Registered nosave memory: [mem 0x000a0000-0x000effff]
[    0.000000] PM: Registered nosave memory: [mem 0x000f0000-0x000fffff]
[    0.000000] e820: [mem 0x40000000-0xfebfffff] available for PCI devices
[    0.000000] Booting paravirtualized kernel on KVM
[    0.000000] clocksource: refined-jiffies: mask: 0xffffffff max_cycles: 0xffffffff, max_idle_ns: 7645519600211568 ns
[    0.000000] setup_percpu: NR_CPUS:512 nr_cpumask_bits:52 nr_cpu_ids:2 nr_node_ids:1
[    0.000000] PERCPU: Embedded 34 pages/cpu @fff88003fc00000 s99544 r8192 d31528 u1048576
[    0.000000] PV qspinlock hash table entries: 256 rder: 0, 4096 bytes)
[    .000000] Built 1 zonelists in Node order, mobility grouping on.  Total pages: 257912
[   0.000000] Policy zone: DMA32[    0.000000] Kernel command line: BOOT_IMAGE=/boot/vmlinuz-4.4.0-122-generic root=LABEL=cloudimg-rootfs ro consol=tty1console=ttyS0
[    0.000000] PID hash table entries: 4096 (order: 3, 32768 bytes)
   0.000000] Memory: 1001596K/1048120K available (8532K kernel code, 1313K rwdata, 3996K rodata, 1508K init, 1316K bss, 46524K reserved, 0K cma-reserved)
[    0.000000] SLUB: HWalign=64, Order=0-3, MinObjects=0, CPUs=2, Nodes=1
[    0.000000] Kernel/User page tables isolation: enabled
[    0.000000] Hierarchical RCUmplementation.
[    0.000000] 	Build-time adjustment of leaf fanout to 64.
[    0.000000] 	RCU restricting CPUs from NR_CPUS=512 to nr_cpu_ids=2.
[    0.000000] RCU: Adjusting geometry for rcu_fanout_leaf=64, nr_cpu_ids=2
[    0.000000] NR_IRQS:33024 nr_irqs:440 16[    0.000000] Console: colour VGA+ 80x25
    0.000000] console [tty1] enabled
[    0.000000] console [ttyS0] enabled
[    0.000000] tsc: Detected 3499.994 MHz processor
[    0.590643] Calibrating delay loop (skipped) preset value.. 6999.98 BogoMIPS (lpj=13999976)
[   0.591813] d_max: default: 3268 minimum: 301
[    0.633211] ACPI: Core revision 20150930
[    0.634520] ACPI: 2 ACPI AML tables successfully acquired and loaded
[    0.646910] Security Framework initialized
[    0.647524] Yama: becoming mindful.
[    0.648114] AppArmor: AppArmor initialized
[    0.648744] Dentry cache hash table entries: 131072 (order: 8, 1048576 bytes)
[    0.650274] Inode-cache hash table entries: 65536 (order: 7, 524288 bytes)
[    0.693822] Mount-cache hash table entries: 2048 (order: 2, 16384 bytes)
[    0.695151] Mountpoint-cache hash table entries: 2048 (order: 2, 16384 bytes)
[    0.739072] Initializing cgroup subsys io
[    0.758966] Initializing cgroup subsys memory
[    0.771544] Initializing cgroup subsys devices
[    0.772154] Initializing cgroup subsys freezer
[    0.784714] Initializing cgroup subsys net_cls
[    0.793988] Initializing cgroup subsys perf_event
[    0.828260] Initializing cgroup subsys net_prio
[    0.859265] Initializing cgroup subsys hugetlb
[    0.880949] Initializing cgroup subsys pids
[    0.881615] CPU: Physical Processor ID: 0
[    0.885510] CPU: Processor Core ID: 0
[    0.886132] FEATURE SPEC_CTRL Not Present
[    0.892831] mce: CPU supports 0 MCE banks
[    0.903926] Last level iTLB entries: 4KB 1024, 2MB 1024, 4MB 1024
[    0.904773] Last level dTLB entries: 4KB 1024, 2MB 1024, 4MB 1024, 1GB 4
[    0.920903] Spectre V2 mitigation: Mitigation: Full generic retpoline
[    0.939189] Spectre V2 mitigation: Speculation control IBPB not-supported IBRS not-supported
[    0.984795] Freeing SMP alternatives memory: 32K
[    0.992149] ftrace: allocating 32202 entries in 126 pages
[    1.047401] smpboot: APIC(0) Converting physical 0 to logical package 0
[    1.049411] smpboot: Max logical packages: 1
[    1.063786] x2apic enabled
[    1.064405] Switched APIC routing to physical x2apic.
[    1.072074] ..TIMER: vector=0x30 apic1=0 pin1=2 apic2=-1 pin2=-1
[    1.194384] smpboot: CPU0: Intel(R) Core(TM) i5-4690 CPU @ 3.50GHz (family: 0x6, model: 0x3c, stepping: 0x3)
[    1.228037] Performance Events: unsupported p6 CPU model 60 no PMU driver, software events only.
[    1.244035] KVM setup paravirtual spinlock
[    1.255686] x86: Booting SMP configuration:
[    1.259542] .... node  #0, CPUs:      #1
[    1.271126] kvm-clock: cpu 1, msr 0:3ffe3041, secondary cpu clock
[    1.284064] mce: CPU supports 0 MCE banks
[    1.288636] x86: Booted up 1 node, 2 CPUs
[    1.289622] smpboot: Total of 2 processors activated (13999.97 BogoMIPS)
[    1.290949] devtmpfs: initialized
[    1.294764] evm: security.selinux
[    1.303211] evm: security.SMACK64
[    1.307367] evm: security.SMACK64EXEC
[    1.307938] evm: security.SMACK64TRANSMUTE
[    1.308549] evm: security.SMACK64MMAP
[    1.309093] evm: security.ima
[    1.309569] evm: security.capability
[    1.310266] clocksource: jiffies: mask: 0xffffffff max_cycles: 0xffffffff, max_idle_ns: 7645041785100000 ns
[    1.317912] futex hash table entries: 512 (order: 3, 32768 bytes)
[    1.318834] pinctrl core: initialized pinctrl subsystem
[    1.319645] RTC time:  0:27:18, date: 04/30/18
[    1.320411] NET: Registered protocol family 16
[    1.330966] cpuidle: using governor ladder
[    1.342933] cpuidle: using governor menu
[    1.343553] PCCT header not found.
[    1.344847] ACPI: bus type PCI registered
[    1.345441] acpiphp: ACPI Hot Plug PCI Controller Driver version: 0.5
[    1.346388] PCI: Using configuration type 1 for base access
[    1.359065] ACPI: Added _OSI(Module Device)
[    1.367821] ACPI: Added _OSI(Processor Device)
[    1.401809] ACPI: Added _OSI(3.0 _SCP Extensions)
[    1.423773] ACPI: Added _OSI(Processor Aggregator Device)
[    1.425239] ACPI: Executed 1 blocks of module-level executable AML code
[    1.438758] ACPI: Interpreter enabled
[    1.441629] ACPI: (supports S0 S5)
[    1.442166] ACPI: Using IOAPIC for interrupt routing
[    1.463761] PCI: Using host bridge windows from ACPI; if necessary, use "pci=nocrs" and report a bug
[    1.497391] ACPI: PCI Root Bridge [PCI0] (domain 0000 [bus 00-ff])
[    1.528073] acpi PNP0A03:00: _OSC: OS supports [ASPM ClockPM Segments MSI]
[    1.538045] acpi PNP0A03:00: _OSC: not requesting OS control; OS requires [ExtendedConfig ASPM ClockPM MSI]
[    1.549235] acpi PNP0A03:00: fail to add MMCONFIG information, can't access extended PCI configuration space under this bridge.
[    1.570643] PCI host bridge to bus 0000:00
[    1.571274] pci_bus 0000:00: root bus resource [io  0x0000-0x0cf7 window]
[    1.573497] pci_bus 0000:00: root bus resource [io  0x0d00-0xffff window]
[    1.574386] pci_bus 0000:00: root bus resource [mem 0x000a0000-0x000bffff window]
[    1.575487] pci_bus 0000:00: root bus resource [mem 0x40000000-0xfdffffff window]
[    1.576542] pci_bus 0000:00: root bus resource [bus 00-ff]
[    1.578924] pci 0000:00:01.1: legacy IDE quirk: reg 0x10: [io  0x01f0-0x01f7]
[    1.595964] pci 0000:00:01.1: legacy IDE quirk: reg 0x14: [io  0x03f6]
[    1.596804] pci 0000:00:01.1: legacy IDE quirk: reg 0x18: [io  0x0170-0x0177]
[    1.605627] pci 0000:00:01.1: legacy IDE quirk: reg 0x1c: [io  0x0376]
[    1.617760] pci 0000:00:07.0: quirk: [io  0x4000-0x403f] claimed by PIIX4 ACPI
[    1.620311] pci 0000:00:07.0: quirk: [io  0x4100-0x410f] claimed by PIIX4 SMB
[    1.625363] ACPI: PCI Interrupt Link [LNKA] (IRQs 5 9 10 *11)
[    1.635325] ACPI: PCI Interrupt Link [LNKB] (IRQs 5 9 *10 11)
[    1.645523] ACPI: PCI Interrupt Link [LNKC] (IRQs 5 *9 10 11)
[    1.646651] ACPI: PCI Interrupt Link [LNKD] (IRQs 5 9 10 *11)
[    1.647793] ACPI: Enabled 2 GPEs in block 00 to 07
[    1.655861] vgaarb: setting as boot device: PCI:0000:00:02.0
[    1.663536] vgaarb: device added: PCI:0000:00:02.0,decodes=io+mem,owns=io+mem,locks=none
[    1.672238] vgaarb: loaded
[    1.672782] vgaarb: bridge control possible 0000:00:02.0
[    1.673945] SCSI subsystem initialized
[    1.674642] ACPI: bus type USB registered
[    1.675242] usbcore: registered new interface driver usbfs
[    1.684954] usbcore: registered new interface driver hub
[    1.685704] usbcore: registered new device driver usb
[    1.687131] PCI: Using ACPI for IRQ routing
[    1.687944] NetLabel: Initializing
[    1.699798] NetLabel:  domain hash size = 128
[    1.700847] NetLabel:  protocols = UNLABELED CIPSOv4
[    1.702479] NetLabel:  unlabeled traffic allowed by default
[    1.719419] amd_nb: Cannot enumerate AMD northbridges
[    1.729327] clocksource: Switched to clocksource kvm-clock
[   1.48882] AppArmor: AppArmor Filesystem Enabled
[    1.801758] pnp: PnP ACPI init
[  103138] pnp: PnP ACPI: found 3 devices
[   1.910432] clocksource: acpi_pm: mask: 0xffffff max_cycles: 0xffffff mx_idle_ns: 2085701024 n
[    2.026904] NET: Registered protocol family 2

[    2.027679] TCP stablished hash table entries: 8192 (order: 4 6536 yts)

[    2.14292] CPbind hash table entries: 8192 (order: 5, 131072 bytes)
[    2.219511] TCP: ash tables configured (established8192 bind 192)
[   2.2866] UDP hash table entries: 512 (order: 2, 16384 bytes)
[    2.355348] UDP-Lite hash table entries: 512 (order: 2, 16384 bytes)
[    2.356220] NET: Registered protocol family 1
[    2.356846] pci 0000:00:00.0: Limiting direct PCI/PCI transfers
[    2.357708] pci 0000:00:01.0: Activating ISA DMA hang workarounds
[    2.358665] Unpacking initramfs...

[    3.941660] Freeing initrd memory: 10928K
[    3.954303] RAPL PMU detted, AI ni i 2^-32 Joules, 4 fixed counters10371840ms ovfl timer
[   .2062] hw uit o dmai pp0-coe ^-0 Joules

[    4.449032] hw unit of domain package 2^-0 Joules
[    4.456954] hw unit of domain dram 2^-0 Joules
[    4.457633] hw unit of domain pp1-gpu 2^-0 Joules
[    4.458366] platform rtc_cmos: registered platform RTC device (no PNP device found)
[    4.459518] Scanning for low memory corruption every 60 seconds
[    4.462513] audit: initializing netlink subsys (disabled)
[    4.465843] audit: type=2000 audit(1525048044.459:1): initialized
[    4.472892] Initialise system trusted keyring
[    4.485930] HugeTLB registered 2 MB page size, pre-allocated 0 pages
[    4.487821] zbud: loaded
[    4.488583] VFS: Disk quotas dquot_6.6.0
[    4.489224] VFS: Dquot-cache hash table entries: 512 (order 0, 4096 bytes)
[    4.490300] squashfs: version 4.0 (2009/01/31) Phillip Lougher
[    4.497472] fuse init (API version 7.23)
[    4.498194] Key type big_key registered
[    4.508259] Allocating IMA MOK and blacklist keyrings.
[    4.512657] Key type asymmetric registered
[    4.513614] Asymmetric key parser 'x509' registered
[    4.520112] Block layer SCSI generic (bsg) driver version 0.4 loaded (major 249)
[    4.521312] io scheduler noop registered
[    4.521948] io scheduler deadline registered (default)
[    4.522739] io scheduler cfq registered
[    4.526337] pci_hotplug: PCI Hot Plug PCI Core version: 0.5
[    4.527079] pciehp: PCI Express Hot Plug Controller Driver version: 0.4
[    4.529975] ACPI: AC Adapter [AC] (on-line)
[    4.530609] input: Power Button as /devices/LNXSYSTM:00/LNXPWRBN:00/input/input0
[    4.531917] ACPI: Power Button [PWRF]
[    4.534464] input: Sleep Button as /devices/LNXSYSTM:00/LNXSLPBN:00/input/input1
[    4.549603] ACPI: Sleep Button [SLPF]
[    4.554145] GHES: HEST is not enabled!
[    4.554930] Serial: 8250/16550 driver, 32 ports, IRQ sharing enabled
[    4.577529] 00:02: ttyS0 at I/O 0x3f8 (irq = 4, base_baud = 115200) is a 16550A
[    4.584827] Linux agpgart interface v0.103
[    4.586903] loop: module loaded
[    4.587961] scsi host0: ata_piix
[    4.588772] scsi host1: ata_piix
[    4.589332] ata1: PATA max UDMA/33 cmd 0x1f0 ctl 0x3f6 bmdma 0xd000 irq 14
[    4.590281] ata2: PATA max UDMA/33 cmd 0x170 ctl 0x376 bmdma 0xd008 irq 15
[    4.591263] libphy: Fixed MDIO Bus: probed
[    4.602228] tun: Universal TUN/TAP device driver, 1.6
[    4.609058] tun: (C) 1999-2004 Max Krasnyansky <maxk@qualcomm.com>
[    4.610440] PPP generic driver version 2.4.2
[    4.619492] ehci_hcd: USB 2.0 'Enhanced' Host Controller (EHCI) Driver
[    4.620353] ehci-pci: EHCI PCI platform driver
[    4.622113] ehci-platform: EHCI generic platform driver
[    4.623255] ohci_hcd: USB 1.1 'Open' Host Controller (OHCI) Driver
[    4.634170] ohci-pci: OHCI PCI platform driver
[    4.638210] ohci-platform: OHCI generic platform driver
[    4.639026] uhci_hcd: USB Universal Host Controller Interface driver
[    4.642070] i8042: PNP: PS/2 Controller [PNP0303:PS2K,PNP0f03:PS2M] at 0x60,0x64 irq 1,12
[    4.647035] serio: i8042 KBD port at 0x60,0x64 irq 1
[    4.647725] serio: i8042 AUX port at 0x60,0x64 irq 12
[    4.655538] mousedev: PS/2 mouse device common for all mice
[    4.656661] input: AT Translated Set 2 keyboard as /devices/platform/i8042/serio0/input/input2
[    4.661801] rtc_cmos rtc_cmos: rtc core: registered rtc_cmos as rtc0
[    4.661857] rtc_cmos rtc_cmos: alarms up to one day, 114 bytes nvram
[    4.661862] i2c /dev entries driver
[    4.661902] device-mapper: uevent: version 1.0.3
[    4.661942] device-mapper: ioctl: 4.34.0-ioctl (2015-10-28) initialised: dm-devel@redhat.com
[    4.661954] ledtrig-cpu: registered to indicate activity on CPUs
[    4.693808] NET: Registered protocol family 10
[    4.693908] NET: Registered protocol family 17
[    4.693914] Key type dns_resolver registered
[    4.694116] registered taskstats version 1
[    4.694129] Loading compiled-in X.509 certificates
[    4.694628] Loaded X.509 cert 'Build time autogenerated kernel key: eb3f78ccfd14bc84ef58e051a28e8b7731c2f6e2'
[    4.694639] zswap: loaded using pool lzo/zbud
[    4.695732] Key type trusted registered
[    4.697426] Key type encrypted registered
[    4.697430] AppArmor: AppArmor sha1 policy hashing enabled
[    4.697432] ima: No TPM chip found, activating TPM-bypass!
[    4.697445] evm: HMAC attrs: 0x1
[    4.697675]   Magic number: 14:165:457
[    4.701067] rtc_cmos rtc_cmos: setting system clock to 2018-04-30 00:27:21 UTC (1525048041)
[    4.701154] BIOS EDD facility v0.16 2004-Jun-25, 0 devices found
[    4.701154] EDD information not available.
[    4.758510] Freeing unused kernel memory: 1508K
[    4.769685] Write protecting the kernel read-only data: 14336k
[    4.770806] Freeing unused kernel memory: 1696K
[    4.771610] Freeing unused kernel memory: 100K
Loading, please wait...
startin[    4.782285] random: systemd-udevd: uninitialized urandom read (16 bytes read, 2 bits of entropy available)
g version 229
[    4.782914] random: udevadm: uninitialized urandom read (16 bytes read, 2 bits of entropy available)
[    4.782929] random: udevadm: uninitialized urandom read (16 bytes read, 2 bits of entropy available)
[    4.789490] random: udevadm: uninitialized urandom read (16 bytes read, 2 bits of entropy available)
[    4.789519] random: udevadm: uninitialized urandom read (16 bytes read, 2 bits of entropy available)
[    4.789606] random: udevadm: uninitialized urandom read (16 bytes read, 2 bits of entropy available)
[    4.789638] random: udevadm: uninitialized urandom read (16 bytes read, 2 bits of entropy available)
[    4.789752] random: udevadm: uninitialized urandom read (16 bytes read, 2 bits of entropy available)
[    4.789803] random: udevadm: uninitialized urandom read (16 bytes read, 2 bits of entropy available)
[    4.789837] random: udevadm: uninitialized urandom read (16 bytes read, 2 bits of entropy available)
[    4.976630] Fusion MPT base driver 3.04.20
[    4.995976] Copyright (c) 1999-2008 LSI Corporation
[    4.996787] e1000: Intel(R) PRO/1000 Network Driver - version 7.3.21-k8-NAPI
[    5.017203] e1000: Copyright (c) 1999-2006 Intel Corporation.
[    5.035710] AVX2 version of gcm_enc/dec engaged.
[    5.050325] AES CTR mode by8 optimization enabled
[    5.069810] Fusion MPT SPI Host driver 3.04.20
[    5.230368] input: ImExPS/2 Generic Explorer Mouse as /devices/platform/i8042/serio1/input/input4
[    5.408821] e1000 0000:00:03.0 eth0: (PCI:33MHz:32-bit) 02:24:97:69:54:5f
[    5.432750] e1000 0000:00:03.0 eth0: Intel(R) PRO/1000 Network Connection
[    5.457379] tsc: Refined TSC clocksource calibration: 3500.582 MHz
[    5.457381] clocksource: tsc: mask: 0xffffffffffffffff max_cycles: 0x327576e2819, max_idle_ns: 440795244951 ns
[    5.466059] e1000 0000:00:03.0 enp0s3: renamed from eth0
[    5.474756] mptbase: ioc0: Initiating bringup
[    5.580278] ioc0: LSI53C1030 A0: Capabilities={Initiator}
[    7.409221] scsi host2: ioc0: LSI53C1030 A0, FwRev=00000000h, Ports=1, MaxQ=256, IRQ=20
[    8.895293] scsi 2:0:0:0: Direct-Access     VBOX     HARDDISK         1.0  PQ: 0 ANSI: 5
[    9.145985] scsi target2:0:0: Beginning Domain Validation
[    9.524316] scsi target2:0:0: Domain Validation skipping write tests
[    9.525210] scsi target2:0:0: Ending Domain Validation
[    9.531840] scsi target2:0:0: asynchronous
[    9.540477] scsi 2:0:1:0: Direct-Access     VBOX     HARDDISK         1.0  PQ: 0 ANSI: 5
[    9.562307] scsi target2:0:1: Beginning Domain Validation
[    9.579155] scsi target2:0:1: Domain Validation skipping write tests
[    9.579987] scsi target2:0:1: Ending Domain Validation
[    9.580847] scsi target2:0:1: asynchronous
[    9.593307] sd 2:0:0:0: [sda] 20971520 512-byte logical blocks: (10.7 GB/10.0 GiB)
[    9.593313] sd 2:0:0:0: Attached scsi generic sg0 type 0
[    9.596610] sd 2:0:0:0: [sda] Write Protect is off
[    9.600268] sd 2:0:1:0: [sdb] 20480 512-byte logical blocks: (10.5 MB/10.0 MiB)
[    9.600269] sd 2:0:1:0: Attached scsi generic sg1 type 0
[    9.612105] sd 2:0:0:0: [sda] Incomplete mode parameter data
[    9.612373] sd 2:0:1:0: [sdb] Write Protect is off
[    9.612428] sd 2:0:1:0: [sdb] Incomplete mode parameter data
[    9.612429] sd 2:0:1:0: [sdb] Assuming drive cache: write through
[    9.619823] sd 2:0:1:0: [sdb] Attached SCSI disk
[    9.624083] sd 2:0:0:0: [sda] Assuming drive cache: write through
[    9.626179]  sda: sda1
[    9.634363] sd 2:0:0:0: [sda] Attached SCSI disk
Begin: Loading e[   10.936504] md: linear personality registered for level -1
ssential drivers ... [   10.954074] md: multipath personality registered for level -4
[   10.958164] md: raid0 personality registered for level 0
[   10.978074] md: raid1 personality registered for level 1
[   11.061416] raid6: sse2x1   gen() 10591 MB/s
[   11.137426] raid6: sse2x1   xor()  8160 MB/s
[   11.225578] raid6: sse2x2   gen() 13577 MB/s
[   11.293580] raid6: sse2x2   xor()  8921 MB/s
[   11.361624] raid6: sse2x4   gen() 15407 MB/s
[   11.429921] raid6: sse2x4   xor() 10327 MB/s
[   11.509736] raid6: avx2x1   gen() 19706 MB/s
[   11.577814] raid6: avx2x2   gen() 23833 MB/s
[   11.645425] raid6: avx2x4   gen() 27057 MB/s
[   11.646071] raid6: using algorithm avx2x4 gen() 27057 MB/s
[   11.648218] raid6: using avx2x2 recovery algorithm
[   11.656377] xor: automatically using best checksumming function:
[   11.701513]    avx       : 21423.000 MB/sec
[   11.703250] async_tx: api initialized (async)
[   11.709287] md: raid6 personality registered for level 6
[   11.740409] md: raid5 personality registered for level 5
[   11.745665] md: raid4 personality registered for level 4
[   11.752217] md: raid10 personality registered for level 10
done.
Begin: Running /scripts/init-premount ... done.
Begin: Mounting root file system ... Begin: Run[   11.789657] Btrfs loaded
ning /scripts/local-top ... done.
Begin: Running /scripts/local-premount ... Scanning for Btrfs filesystems
done.
Warning: fsck not present, so skipping root file system
[   11.837038] EXT4-fs (sda1): mounted filesystem with ordered data mode. Opts: (null)
done.
Begin: Running /scripts/local-bottom ... done.
Begin: Running /scripts/init-bottom ... done.
[   11.918629] systemd[1]: systemd 229 running in system mode. (+PAM +AUDIT +SELINUX +IMA +APPARMOR +SMACK +SYSVINIT +UTMP +LIBCRYPTSETUP +GCRYPT +GNUTLS +ACL +XZ -LZ4 +SECCOMP +BLKID +ELFUTILS +KMOD -IDN)
[   11.942774] systemd[1]: Detected virtualization oracle.
[   11.964129] systemd[1]: Detected architecture x86-64.

Welcome to [1mUbuntu 16.04.4 LTS[0m!

[  11.998215] systemd[1]: Set hostname to <ubuntu>.

[   12.023072] systemd[1]: Initializing machine ID from random generator.
[   12.026028] systemd[1]: Installed transient /etc/machine-id file.
[   12.134246] systemd[1]: Listening on udev Kernel Socket.
[[0;32m  OK  [0m] Listening on udev Kernel Socket.
[   12.136020] systemd[1]: Listening on LVM2 poll daemon socket.
[[0;32m  OK  [0m] Listening on LVM2 poll daemon socket.
[   12.154026] systemd[1]: Listening on /dev/initctl Compatibility Named Pipe.
[[0;32m  OK  [0m] Listening on /dev/initctl Compatibility Named Pipe.
[   12.168782] systemd[1]: Listening on LVM2 metadata daemon socket.
[[0;32m  OK  [0m] Listening on LVM2 metadata daemon socket.
[   12.177939] systemd[1]: Listening on Syslog Socket.
[[0;32m  OK  [0m] Listening on Syslog Socket.
[   12.179573] systemd[1]: Listening on Device-mapper event daemon FIFOs.
[[0;32m  OK  [0m] Listening on Device-mapper event daemon FIFOs.
[   12.190158] systemd[1]: Reached target System Time Synchronized.
[[0;32m  OK  [0m] Reached target System Time Synchronized.
[   12.206564] systemd[1]: Started Trigger resolvconf update for networkd DNS.
[[0;32m  OK  [0m] Started Trigger resolvconf update for networkd DNS.
[   12.227350] systemd[1]: Reached target Swap.
[[0;32m  OK  [0m] Reached target Swap.
[ 12.28035] ysemd1] Created slice User and Sesio Sic.

[[0;32m  OK  [0m] Created slice User and Session Slice.
[   12.568830] systemd[1]: Created slice System Slice.
[[0;32m  OK  [0m] Created slice System Slice.
[   12.570460] systemd[1]: Reached target Slices.
[[0;32m  OK  [0m] Reached target Slices.
[   12.571958] systemd[1]: Started Forward Password Requests to Wall Directory Watch.
[[0;32m  OK  [0m] Started Forward Password Requests to Wall Directory Watch.
[   12.604449] systemd[1]: Listening on udev Control Soke.
[[0;32m  OK  [0m]  Listening on udev Control Socket.
[   12.652223] systemd[1]: Listening on Journal Socket (/dev/log).
[[0;32m  OK  [0m] Listening on Journal Socket (/dev/log).
[   12.671546] systemd[1]: Reached target Encrypted Volumes.
[[0;32m  OK  [0m] Reached target Encrypted Volumes.
[   12.673551] systemd[1]: Created slice system-serial\x2dgetty.slice.
[[0;32m  OK  [0m] Created slice system-serial\x2dgetty.slice.
[   12.702213] systemd[1]: Listening on Journal Socket.
[[0;32m  OK  [0m] Listening on Journal Socket.
[   12.733829] systemd[1]: Starting Uncomplicated firewall...
         Starting Uncomplicated firewall...
[   12.754298] systemd[1]: Starting Load Kernel Modules...
         [   12.763881] Loading iSCSI transport class v2.0-870.
Starting Load Kernel Modules...
[   12.770563] systemd[1]: Mounting Debug File System...
         Mounting Debug File System...
[   12.772885] systemd[1]: Starting Nameserver information manager...
         [   12.794906] iscsi: registered transport (tcp)
Starting Nameserver information manager...
[   12.839056] iscsi: registered transport (iser)
[   12.866025] systemd[1]: Starting Monitoring of LVM2 mirrors, snapshots etc. using dmeventd or progress polling...
         Starting Monitoring of LVM2 mirrors... dmeventd or progress polling...
[   12.889595] systemd[1]: Mounting POSIX Message Queue File System...
         Mounting POSIX Message Queue File System...
[   12.893455] systemd[1]: Starting Set console keymap...
         Starting Set console keymap...
[   12.903827] systemd[1]: Starting Create list of required static device nodes for the current kernel...
         Starting Create list of required st... nodes for the current kernel...
[   12.917699] systemd[1]: Starting Remount Root and Kernel File Systems...
         Starting Remount Root and Kernel File Systems...
[   12.926723] systemd[1]: Listening on Journal Audit Socket.
[[0;32m  OK  [[   12.927680] EXT4-fs (sda1): re-mounted. Opts: (null)
0m] Listening on Journal Audit Socket.
[   12.936153] systemd[1]: Starting Journal Service...
         Starting Journal Service...
[   12.951480] systemd[1]: Reached target User and Group Name Lookups.
[[0;32m  OK  [0m] Reached target User and Group Name Lookups.
[   12.954013] systemd[1]: Mounting Huge Pages File System...
         Mounting Huge Pages File System...
[   12.955699] systemd[1]: Set up automount Arbitrary Executable File Formats File System Automount Point.
[[0;32m  OK  [0m] Set up automount Arbitrary Executab...ats File System Automount Point.
[   12.965534] systemd[1]: Mounted POSIX Message Queue File System.
[[0;32m  OK  [0m] Mounted POSIX Message Queue File System.
[   12.967518] systemd[1]: Mounted Huge Pages File System.
[[0;32m  OK  [0m] Mounted Huge Pages File System.
[   12.968904] systemd[1]: Mounted Debug File System.
[[0;32m  OK  [0m] Mounted Debug File System.
[   12.976192] systemd[1]: Started Journal Service.
[[0;32m  OK  [0m] Started Journal Service.
[[0;32m  OK  [0m] Started Uncomplicated firewall.
[[0;32m  OK  [0m] Started Load Kernel Modules.
[[0;32m  OK  [0m] Started Set console keymap.
[[0;32m  OK  [0m] Started Create list of required sta...ce nodes for the current kernel.
[[0;32m  OK  [0m] Started Remount Root and Kernel File Systems.
[[0;32m  OK  [0m] Started Nameserver information manager.
[[0;32m  OK  [0m] Started LVM2 metadata daemon.
         Starting udev Coldplug all Devices...
         Starting Load/Save Random Seed...
         Starting Initial cloud-init job (pre-networking)...
         Starting Create Static Device Nodes in /dev...
         Starting Apply Kernel Variables...
         Mounting FUSE Control File System...
         Starting Flush Journal to Persistent Storage...
[[0;32m  OK  [0m] Mounted FUSE Control File System.
[[0;32m  OK  [0m] Started Load/Save Random Seed.
[[0;32m  OK  [0m] Started Create Static Device Nodes in /dev.
[[0;32m  OK  [0m] Started Apply Kernel Variables.
[[0;32m  OK  [0m] Started udev Coldplug all Devices.
[[0;32m  OK  [0m] Started Flush Journal to Persistent Storage.
         Starting udev Kernel Device Manager...
[[0;32m  OK  [0m] Started udev Kernel Device Manager.
[[0;32m  OK  [0m] Started Dispatch Password Requests to Console Directory Watch.
[[0;32m  OK  [0m] Found device /dev/ttyS0.
[[0;32m  OK  [0m] Started Monitoring of LVM2 mirrors,...ng dmeventd or progress polling.
[[0;32m  OK  [0m] Reached target Local File Systems (Pre).
[[0;32m  OK  [0m] Reached target Local File Systems.
         Starting Set console font and keymap...
         Starting Create Volatile Files and Directories...
         Starting Commit a transient machine-id on disk...
[   12.666635] cloud-init[441]: Cloud-init v. 18.2 running 'init-local' at Mon, 30 Apr 2018 00:27:30 +0000. Up 12.43 seconds.
         Starting LSB: AppArmor initialization...
         Starting Tell Plymouth To Write Out Runtime Data...
[[0;32m  OK  [0m] Started Create Volatile Files and Directories.
[[0;32m  OK  [0m] Started Set console font and keymap.
[[0;32m  OK  [0m] Started Commit a transient machine-id on disk.
[[0;32m  OK  [0m] Started Tell Plymouth To Write Out Runtime Data.
[[0;32m  OK  [0m] Started Initial cloud-init job (pre-networking).
[[0;32m  OK  [0m] Listening on Load/Save RF Kill Switch Status /dev/rfkill Watch.
[[0;32m  OK  [0m] Reached target Network (Pre).
[[0;32m  OK  [0m] Created slice system-getty.slice.
         Starting Update UTMP about System Boot/Shutdown...
[[0;32m  OK  [0m] Started Update UTMP about System Boot/Shutdown.
[[0;32m  OK  [0m] Started LSB: AppArmor initialization.
         Starting Raise network interfaces...
[[0;32m  OK  [0m] Started Raise network interfaces.
         Starting Initial cloud-init job (metadata service crawler)...
[[0;32m  OK  [0m] Reached target Network.
[   14.418296] cloud-init[912]: Cloud-init v. 18.2 running 'init' at Mon, 30 Apr 2018 00:27:32 +0000. Up 13.96 seconds.
[   14.445916] cloud-init[912]: ci-info: +++++++++++++++++++++++++++++++++++++Net device info++++++++++++++++++++++++++++++++++++++
[   14.472293] [[0;32m  OK  [0m] Started Initial cloud-init job (metadata service crawler).
cloud-init[912]: ci-info: +--------+------+----------------------------+---------------+-------+-------------------+
[   14.493454] [[0;32m  OK  [0m] Reached target Cloud-config availability.
[[0;32m  OK  [0m] Reached target Network is Online.
cloud-init[912]: ci-info: | Device |  Up  |          Address           |      Mask     | Scope |     Hw-Address    |
[   14.500894] cloud-init[912]: ci-info: +--------+------+----------------------------+---------------+-------+-------------------+
[   14.521250]          cloud-initStarting iSCSI initiator daemon (iscsid)...[912]: 
ci-info: | enp0s3 | True |         10.0.2.15          | 255.255.255.0 |   .   | 02:24:97:69:54:5f |
[   14.533520] [[0;32m  OK  [0m] Reached target System Initialization.
[[0;32m  OK  [0m] Started Daily Cleanup of Temporary Directories.
cloud-init[912]: ci-info: | enp0s3 | True | fe80::24:97ff:fe69:545f/64 |       .       |  link | 02:24:97:69:54:5f |
[   14.589440]          Starting LXD - unix socket.
cloud-init[912]: ci-info: |   lo   | True |         127.0.0.1          |   255.0.0.0   |   .   |         .         |
[   14.592329] [[0;32m  OK  [0m] Started ACPI Events Check.
[[0;32m  OK  [0m] Reached target Paths.
[[0;32m  OK  [0m] Listening on UUID daemon activation socket.
cloud-init[912]: ci-info: |   lo   | True |          ::1/128           |       .       |  host |         .         |
[   14.644221] [[0;32m  OK  [0m] Started Daily apt download activities.
cloud-init[912]: [ci-info: +--------+------+----------------------------+---------------+-------+-------------------+[0;32m  OK  [0m
] Started Daily apt upgrade and clean activities.
[   14.651034] [cloud-init[0;32m  OK  [0m[912]: ] ci-info: +++++++++++++++++++++++++++Route IPv4 info++++++++++++++++++++++++++++Reached target Timers.

[   14.708183] [[0;32m  OK  [0m] Listening on D-Bus System Message Bus Socket.
         Starting Socket activation for snappy daemon.
cloud-init[912]: ci-info: +-------+-------------+----------+---------------+-----------+-------+
[   14.716140] [[0;32m  OK  [0m] Listening on ACPID Listen Socket.
cloud-init[912]: ci-info: | Route | Destination | Gateway  |    Genmask    | Interface | Flags |
[   14.741320] [cloud-init[0;32m  OK  [0m[912]: ] ci-info: +-------+-------------+----------+---------------+-----------+-------+Listening on LXD - unix socket.

[[0;32m  OK  [0m] Listening on Socket activation for snappy daemon.
[   14.741699] cloud-init[912]: ci-info: |   0   |   0.0.0.0   | 10.0.2.2 |    0.0.0.0    |   enp0s3  |   UG  |
[   14.868595] [cloud-init[0;32m  OK  [0m[912]: ] ci-info: |   1   |   10.0.2.0  | 0.0.0.0  | 255.255.255.0 |   enp0s3  |   U   |Started iSCSI initiator daemon (iscsid).

[   14.869056] cloud-init[912]: ci-info: +-------+-------------+----------+---------------+-----------+-------+
         Starting Login to default iSCSI targets...
[[0;32m  OK  [0m] Reached target Sockets.
[[0;32m  OK  [0m] Reached target Basic System.
[   14.936202] cloud-init[912]: Generating public/private rsa key pair.
[   15.038460]          Starting Login Service...
cloud-init[912]: Your identification has been saved in /etc/ssh/ssh_host_rsa_key.
[   15.040297] cloud-init[912]: Your public key has been saved in /etc/ssh/ssh_host_rsa_key.pub.
[   15.041627] cloud-init[912]: The key fingerprint is:
[   15.061861] [[0;32m  OK  [0m] Started Regular background program processing daemon.
cloud-init[912]: SHA256:vMOkU9LXiQEvm9HYjk3fR9kBKBfcSlaYtRFOFOKn8jw root@ubuntu-xenial
[   15.101847] [cloud-init[0;32m  OK  [0m[912]: ] The key's randomart image is:Started Deferred execution scheduler.

         Starting Accounts Service...
[   15.126008] [[0;32m  OK  [0m] Started FUSE filesystem for LXC.
cloud-init[912]: +---[RSA 2048]----+
[   15.180412] cloud-init         Starting Apply the settings specified in cloud-config...
[912]: |        . .oXX+. |
[   15.224718]          Starting LSB: Record successful boot for GRUB...
cloud-init[912]: |         B.O+.o +|
[   15.268402]          cloud-initStarting Virtualbox guest utils...[912]: 
|        + @..+ .o|
[   15.298831] cloud-init[912]: |       o X *oo . |
[   15.299191] cloud-init[912]: |      . S.=.+ . .|
[   15.299265] cloud-init[912]: |       * o+    . |
[   15.299356] cloud-init[912]: |      o +  E     |
[   15.299480] cloud-init[912]: |       . .  .    |
[[0;32m  OK  [0m] Started D-Bus System Message Bus.
[   15.299637] cloud-init[912]: |                 |
[[0;32m  OK  [0m] Started Unattended Upgrades Shutdown.
[   15.386453] cloud-init[912]: +----[SHA256]-----+
[   15.433769] cloud-init[912]: Generating public/private dsa key pair.
[   15.434598] cloud-init[912]: Your identification has been saved in /etc/ssh/ssh_host_dsa_key.
[   15.447539] cloud-init[912]: Your public key has been saved in /etc/ssh/ssh_host_dsa_key.pub.
[   15.458793] cloud-init[912]: The key fingerprint is:
         Starting /etc/rc.local Compatibility...
[   15.494557] cloud-init[912]: SHA256:+JEuFJmcJM13ozzJOwDl5eFtep24lRyX8GmnPfJYX8U root@ubuntu-xenial
[   15.505320] cloud-init[912]: The key's randomart image is:
[   15.518132] cloud-init[912]: +---[DSA 1024]----+
[   15.518886] cloud-init[912]: |    .+o o   .    |
[   15.525562]          cloud-initStarting System Logging Service...[912]: 
|    .=oB.oo  o + |
[   15.545126]          Starting Pollinate to seed the pseudo random number generator...
cloud-init[912]: |     .B+o+o.. * E|
[   15.553561]          Starting Snappy daemon...
cloud-init[912]: |      .o*+ + * +.|         Starting LSB: MD monitoring daemon...

[   15.555157] [[0;32m  OK  [0m] Started ACPI event daemon.
cloud-init[912]:          Starting LXD - container startup/shutdown...
|      o.Soo *..oo|
[   15.558676] [[0;32m  OK  [0m] Started System Logging Service.
cloud-init[912]: |     . ooo o  = +|
[   15.598155] cloud-init[[912]: [0;32m  OK  [0m|      . o..  . ..|] 
Started /etc/rc.local Compatibility.
[   15.598498] cloud-init[912]: |       .         |
[   15.647343] cloud-init[912]: |                 |
[   15.650665] cloud-init[912]: +----[SHA256]-----+
[   15.652015] cloud-init[912]: Generating public/private ecdsa key pair.
[   15.654622] cloud-init[912]: Your identification has been saved in /etc/ssh/ssh_host_ecdsa_key.
[   15.667104] [[0;32m  OK  [0m] Started Login to default iSCSI targets.
cloud-init[912]: Your public key has been saved in /etc/ssh/ssh_host_ecdsa_key.pub.
[   15.678571] [[0;32m  OK  [0m] Started LSB: Record successful boot for GRUB.
cloud-init[912]: The key fingerprint is:
[   15.696906] [[0;32m  OK  [0m] Started LXD - container startup/shutdown.
cloud-init[912]: SHA256:efbPCqCAA5hvBsSNzMzYu/5cuDBphkyFYQ4FRurDvwU root@ubuntu-xenial
[   15.712891] [[0;32m  OK  [0m] Started LSB: MD monitoring daemon.
cloud-init[912]: The key's randomart image is:
[   15.714492] [[0;32m  OK  [0m] Started Login Service.
cloud-init[912]: +---[ECDSA 256]---+
[   15.723736] cloud-init[912]: |@X+              |
[   15.724895] cloud-init[912]: |XO+.             |
[   15.726173] cloud-init[912]: |*o o             |
[   15.727409] cloud-init[912]: |o+o.     .       |
[   15.729543] cloud-init[912]: | =*E.   S o      |         Starting Authenticate and Authorize Users to Run Privileged Tasks...
[[0;32m  OK  [0m] Reached target Remote File Systems (Pre).
[[0;32m  OK  [0m] Reached target Remote File Systems.
         Starting LSB: automatic crash report generation...

         Starting LSB: Set the CPU Frequency Scaling governor to "ondemand"...
[   15.776524] cloud-init[912]: |o++o.o . + .     |
[   15.780418] cloud-init[912]: |.o*...o   . .    |
[   15.796227] cloud-init[912]: | o.+oo     . o   |
[   15.797448] cloud-init[912]: |   o+       ..o  |
         Starting Permit User Sessions...
[   15.801444] cloud-init[912]: +----[SHA256]-----+
[   15.827802] cloud-init[912]: Generating public/private ed25519 key pair.
[   15.828630] cloud-init[912]: Your identification has been saved in /etc/ssh/ssh_host_ed25519_key.
[   15.829787] cloud-init[912]: Your public key has been saved in /etc/ssh/ssh_host_ed25519_key.pub.
[   15.830790] cloud-init[912]: The key fingerprint is:
[   15.831545] cloud-init[912]: SHA256:uXuEgPI8yMxOuKGSYcfQ3ml1eLfUvK5r/xjSRuU1D7A root@ubuntu-xenial
         Starting LSB: daemon to balance interrupts for SMP systems...
[   15.862540] cloud-init[912]: The key's randomart image is:
[   15.865435] cloud-init[912]: +--[ED25519 256]--+
[[0;32m  OK  [0m] Started Snappy daemon.
[[0;32m  OK  [0m] Started Virtualbox guest utils.
[[0;32m  OK  [0m] Started Permit User Sessions.
[[0;32m  OK  [0m] Started Authenticate and Authorize Users to Run Privileged Tasks.
[[0;32m  OK  [0m] Started Accounts Service.
[   15.879153] cloud-init[912]: |            .    |
[[0;32m  OK  [0m] Started LSB: Set the CPU Frequency Scaling governor to "ondemand".
[   15.902939] cloud-init[912]: |             o   |
[   15.912876] cloud-init[912]: |  .  .  .   E .o.|
[   15.914163] cloud-init[912]: | .... .o + o oo.+|
[   15.917329] cloud-init[912]: | =+=. o.S.o .....|
[   15.919652] cloud-init[912]: |+.*+++  ....o.   |
[   15.920383] cloud-init[912]: |oB. ..  .. ..+   |
         Starting Terminate Plymouth Boot Screen...
[   15.942197] cloud-init[912]: |= .      ...o.o  |
         Starting Hold until boot process finishes up...
[[0;32m  OK  [0m] Started LSB: automatic crash report generation.
[[0;32m  OK  [0m] Started LSB: daemon to balance interrupts for SMP systems.
[[0;32m  OK  [0m] Started Terminate Plymouth Boot Screen.
[   15.974131] cloud-init[912]: |.       ...o+o.. |
[   16.017557] cloud-init[912]: +----[SHA256]-----+
[[0;32m  OK  [0m] Started Hold until boot process finishes up.
[   16.023241] cloud-init[1023]: Generating locales (this might take a while)...
         Starting Set console scheme...
[[0;32m  OK  [0m] Started Serial Getty on ttyS0.
[[0;32m  OK  [0m] Started Getty on tty1.
[[0;32m  OK  [0m] Reached target Login Prompts.
[[0;32m  OK  [0m] Started Set console scheme.
[   16.285341] cloud-init[1023]:   en_US.UTF-8... done
[   16.286168] cloud-init[1023]: Generation complete.
[   16.532074] cloud-init[1023]: Cloud-init v. 18.2 running 'modules:config' at Mon, 30 Apr 2018 00:27:33 +0000. Up 15.37 seconds.
[[0;32m  OK  [0m] Started Apply the settings specified in cloud-config.
[[0;32m  OK  [0m] Started Pollinate to seed the pseudo random number generator.
         Starting OpenBSD Secure Shell server...
[[0;32m  OK  [0m] Started OpenBSD Secure Shell server.
[[0;32m  OK  [0m] Reached target Multi-User System.
         Starting Execute cloud user/final scripts...
[[0;32m  OK  [0m] Reached target Graphical Interface.
         Starting Update UTMP about System Runlevel Changes...
[[0;32m  OK  [0m] Started Update UTMP about System Runlevel Changes.
ci-info: no authorized ssh keys fingerprints found for user ubuntu.
<14>Apr 30 00:27:35 ec2: 
<14>Apr 30 00:27:35 ec2: #############################################################
<14>Apr 30 00:27:35 ec2: -----BEGIN SSH HOST KEY FINGERPRINTS-----
<14>Apr 30 00:27:35 ec2: 1024 SHA256:+JEuFJmcJM13ozzJOwDl5eFtep24lRyX8GmnPfJYX8U root@ubuntu-xenial (DSA)
<14>Apr 30 00:27:35 ec2: 256 SHA256:efbPCqCAA5hvBsSNzMzYu/5cuDBphkyFYQ4FRurDvwU root@ubuntu-xenial (ECDSA)
<14>Apr 30 00:27:35 ec2: 256 SHA256:uXuEgPI8yMxOuKGSYcfQ3ml1eLfUvK5r/xjSRuU1D7A root@ubuntu-xenial (ED25519)
<14>Apr 30 00:27:35 ec2: 2048 SHA256:vMOkU9LXiQEvm9HYjk3fR9kBKBfcSlaYtRFOFOKn8jw root@ubuntu-xenial (RSA)
<14>Apr 30 00:27:35 ec2: -----END SSH HOST KEY FINGERPRINTS-----
<14>Apr 30 00:27:35 ec2: #############################################################
-----BEGIN SSH HOST KEY KEYS-----
ecdsa-sha2-nistp256 AAAAE2VjZHNhLXNoYTItbmlzdHAyNTYAAAAIbmlzdHAyNTYAAABBBAsJyiIh2edK76eZO1xk+w9f2AdTIu2UYXXC5R6zMlTYeJs/GxU/tvHCMtTYv20yKee510AUb+gCD64SLlkxZe8= root@ubuntu-xenial
ssh-ed25519 AAAAC3NzaC1lZDI1NTE5AAAAIOOUGG4Bh8AbIDA73z6UxcKJQM2dn4SAFpEL71sxyIrd root@ubuntu-xenial
ssh-rsa AAAAB3NzaC1yc2EAAAADAQABAAABAQC0buEvGmtUurrs+c1hR/HMqUvRGHDnu7WHKofwo4KeMIOfOWxbnERkvVcTNCheI0Mv5uz2yjfzFkL0an3d3MSldcChmpFD5O18b56FW4M362v4nnG3Hk2QyDH09n0XO1QkEBaYwIRVo96rdTqWXYVGzIyUi/dIBXxdN9jCbaQiJq4+IedqiMK35c9eXsN2D2hzTCcIdEOI9hZQlSofQ7f5jyNb3CW++MupYwyq/9pA7PGCHaQm3ZhMBQKaoCv/f1m+r868wKcaqIbCspLZ1kLGrdo10ICcIyi8zv3BqKb0YwqehVeNz9cHdJ4ClA1zDxpzX4a3h4D+Pca3mBnMdzW9 root@ubuntu-xenial
-----END SSH HOST KEY KEYS-----
[   17.372955] cloud-init[1260]: Cloud-init v. 18.2 running 'modules:final' at Mon, 30 Apr 2018 00:27:35 +0000. Up 17.04 seconds.
[[   17.496229] cloud-init[1260]: ci-info: no authorized ssh keys fingerprints found for user ubuntu.
[   17.496626] cloud-init[1260]: Cloud-init v. 18.2 finished at Mon, 30 Apr 2018 00:27:35 +0000. Datasource DataSourceNoCloud [seed=/dev/sdb][dsmode=net].  Up 17.36 seconds
[0;32m  OK  [0m] Started Execute cloud user/final scripts.
[[0;32m  OK  [0m] Reached target Cloud-init target.

Ubuntu 16.04.4 LTS ubuntu-xenial ttyS0

ubuntu-xenial login: 